// Jest Snapshot v1, https://goo.gl/fbAQLP

exports[`<UpVote /> component should match snapshot 1`] = `
<div
  className="upvote-arrow"
  data-testid="upvote-undefined"
  onClick={[Function]}
/>
`;
